// Jest Snapshot v1, https://goo.gl/fbAQLP

exports[`Home should match Home snapshot 1`] = `
Object {
  "asFragment": [Function],
  "baseElement": <body>
    <div>
      <div
        class="pa4"
      >
        <div
          class="app-container"
        >
          <div>
            <h3
              class="f3 measure"
            >
              Nutrition List
            </h3>
          </div>
          <div>
            <button
              class="f6 link dim br1 ph3 pv2 mb2 dib white bg-dark-gray w-undefined"
            >
              Reset Data
            </button>
          </div>
        </div>
        Loading...
      </div>
    </div>
  </body>,
  "container": <div>
    <div
      class="pa4"
    >
      <div
        class="app-container"
      >
        <div>
          <h3
            class="f3 measure"
          >
            Nutrition List
          </h3>
        </div>
        <div>
          <button
            class="f6 link dim br1 ph3 pv2 mb2 dib white bg-dark-gray w-undefined"
          >
            Reset Data
          </button>
        </div>
      </div>
      Loading...
    </div>
  </div>,
  "debug": [Function],
  "findAllByAltText": [Function],
  "findAllByDisplayValue": [Function],
  "findAllByLabelText": [Function],
  "findAllByPlaceholderText": [Function],
  "findAllByRole": [Function],
  "findAllByTestId": [Function],
  "findAllByText": [Function],
  "findAllByTitle": [Function],
  "findByAltText": [Function],
  "findByDisplayValue": [Function],
  "findByLabelText": [Function],
  "findByPlaceholderText": [Function],
  "findByRole": [Function],
  "findByTestId": [Function],
  "findByText": [Function],
  "findByTitle": [Function],
  "getAllByAltText": [Function],
  "getAllByDisplayValue": [Function],
  "getAllByLabelText": [Function],
  "getAllByPlaceholderText": [Function],
  "getAllByRole": [Function],
  "getAllByTestId": [Function],
  "getAllByText": [Function],
  "getAllByTitle": [Function],
  "getByAltText": [Function],
  "getByDisplayValue": [Function],
  "getByLabelText": [Function],
  "getByPlaceholderText": [Function],
  "getByRole": [Function],
  "getByTestId": [Function],
  "getByText": [Function],
  "getByTitle": [Function],
  "queryAllByAltText": [Function],
  "queryAllByDisplayValue": [Function],
  "queryAllByLabelText": [Function],
  "queryAllByPlaceholderText": [Function],
  "queryAllByRole": [Function],
  "queryAllByTestId": [Function],
  "queryAllByText": [Function],
  "queryAllByTitle": [Function],
  "queryByAltText": [Function],
  "queryByDisplayValue": [Function],
  "queryByLabelText": [Function],
  "queryByPlaceholderText": [Function],
  "queryByRole": [Function],
  "queryByTestId": [Function],
  "queryByText": [Function],
  "queryByTitle": [Function],
  "rerender": [Function],
  "unmount": [Function],
}
`;
